
=== host ===
gbt350-odcdh1-a08-1.png-odc.dcgpu
Linux gbt350-odcdh1-a08-1.png-odc.dcgpu 4.18.0-513.1.1.el8_9.g12b5.x86_64 #1 SMP Tue Dec 5 07:49:59 PST 2023 x86_64 x86_64 x86_64 GNU/Linux
Mon Aug  3 18:51:25 UTC 2026

=== amd-smi / rocm-smi ===
AMDSMI Tool: 26.2.1+fc0010cf6a | AMDSMI Library version: 26.2.1 | ROCm version: 7.2.0 | amdgpu version: 7.1.1.31500000 | hsmp version: N/A
GPU: 0
    ASIC:
        MARKET_NAME: AMD Instinct MI350X
        VENDOR_ID: 0x1002
        VENDOR_NAME: Advanced Micro Devices Inc. [AMD/ATI]
        SUBVENDOR_ID: 0x1002
        DEVICE_ID: 0x75a0
        SUBSYSTEM_ID: 0x75a0
        REV_ID: 0x00
        ASIC_SERIAL: 0x9C60D586AFA84D50
        OAM_ID: 0
        NUM_COMPUTE_UNITS: 256
        TARGET_GRAPHICS_VERSION: gfx950
    BUS:
        BDF: 0000:06:00.0
        MAX_PCIE_WIDTH: 16
        MAX_PCIE_SPEED: 32 GT/s
        PCIE_LEVELS: N/A
        PCIE_INTERFACE_VERSION: Gen 5
        SLOT_TYPE: OAM
    IFWI:
        NAME: AMD MI350X
        BUILD_DATE: 2026/01/22 17:08
        PART_NUMBER: 113-M350-01-1K1-030A
        VERSION: 00175783
    LIMIT:
        PPT0:
            MAX_POWER_LIMIT: 1000 W
            MIN_POWER_LIMIT: 0 W
            SOCKET_POWER_LIMIT: 1000 W
        PPT1:
            MAX_POWER_LIMIT: N/A
            MIN_POWER_LIMIT: N/A
            SOCKET_POWER_LIMIT: N/A
        SLOWDOWN_EDGE_TEMPERATURE: N/A
        SLOWDOWN_HOTSPOT_TEMPERATURE: 100 °C
        SLOWDOWN_VRAM_TEMPERATURE: 115 °C
        SHUTDOWN_EDGE_TEMPERATURE: N/A
        SHUTDOWN_HOTSPOT_TEMPERATURE: 110 °C
        SHUTDOWN_VRAM_TEMPERATURE: 125 °C
        PTL_STATE: N/A
        PTL_FORMAT: N/A
    DRIVER:
        NAME: amdgpu
        VERSION: 7.1.1.31500000
    BOARD:
        MODEL_NUMBER: 102-G36212-0C
        PRODUCT_SERIAL: 692517020509
        FRU_ID: 113-AMDG362120C01-100-300000082
        PRODUCT_NAME: AMD Instinct MI350 OAM
        MANUFACTURER_NAME: AMD
    RAS:
        EEPROM_VERSION: 0x30000
        BAD_PAGE_THRESHOLD: N/A
        BAD_PAGE_THRESHOLD_EXCEEDED: N/A
        PARITY_SCHEMA: DISABLED
        SINGLE_BIT_SCHEMA: DISABLED
        DOUBLE_BIT_SCHEMA: DISABLED
        POISON_SCHEMA: ENABLED
        ECC_BLOCK_STATE:
            UMC: ENABLED
            SDMA: ENABLED
            GFX: ENABLED
            MMHUB: ENABLED
            ATHUB: ENABLED
            PCIE_BIF: ENABLED
            HDP: ENABLED
            XGMI_WAFL: ENABLED
            DF: ENABLED
            SMN: ENABLED
            SEM: DISABLED
            MP0: ENABLED
            MP1: ENABLED
            FUSE: DISABLED
            MCA: ENABLED
            VCN: ENABLED
            JPEG: ENABLED
            IH: ENABLED
            MPIO: ENABLED
    SOC_PSTATE: N/A
    XGMI_PLPD: N/A
    PROCESS_ISOLATION: Disabled
    NUMA:
        NODE: 0
        AFFINITY: 0
        CPU_AFFINITY:
            CPU_LIST_0:
                BITMASK: FFFFFFFFFFFFFFFF
                CPU_CORES_AFFINITY: 0-63
            CPU_LIST_1:
                BITMASK: FFFFFFFFFFFFFFFF
                CPU_CORES_AFFINITY: 64-127
            CPU_LIST_2:
                BITMASK: FFFFFFFFFFFFFFFF
                CPU_CORES_AFFINITY: 128-191
            CPU_LIST_3:
                BITMASK: 0000000000000000
                CPU_CORES_AFFINITY: N/A
            CPU_LIST_4:
                BITMASK: 0000000000000000
GPU: 0
    USAGE:
        GFX_ACTIVITY: 0 %
        UMC_ACTIVITY: 0 %
        MM_ACTIVITY: N/A
        VCN_ACTIVITY: [N/A, N/A, N/A, N/A]
        JPEG_ACTIVITY: [N/A, N/A, N/A, N/A, N/A, N/A, N/A, N/A, N/A, N/A, N/A, N/A, N/A, N/A, N/A, N/A, N/A, N/A, N/A, N/A, N/A, N/A, N/A, N/A, N/A, N/A, N/A, N/A, N/A, N/A, N/A, N/A]
        GFX_BUSY_INST:
            XCP_0: [0 %, 0 %, 0 %, 0 %, 0 %, 0 %, 0 %, 0 %]
        JPEG_BUSY:
            XCP_0: [0 %, 0 %, 0 %, 0 %, 0 %, 0 %, 0 %, 0 %, 0 %, 0 %, 0 %, 0 %, 0 %, 0 %, 0 %, 0 %, 0 %, 0 %, 0 %, 0 %, 0 %, 0 %, 0 %, 0 %, 0 %, 0 %, 0 %, 0 %, 0 %, 0 %, 0 %, 0 %, 0 %, 0 %, 0 %, 0 %, 0 %, 0 %, 0 %, 0 %]
        VCN_BUSY:
            XCP_0: [0 %, 0 %, 0 %, 0 %]
    POWER:
        SOCKET_POWER: 237 W
        GFX_VOLTAGE: N/A
        SOC_VOLTAGE: N/A
        MEM_VOLTAGE: N/A
        THROTTLE_STATUS: N/A
        POWER_MANAGEMENT: ENABLED
    CLOCK:
        GFX_0:
            CLK: 94 MHz
            MIN_CLK: 500 MHz
            MAX_CLK: 2200 MHz
            CLK_LOCKED: DISABLED
            DEEP_SLEEP: ENABLED
        GFX_1:
            CLK: 95 MHz
            MIN_CLK: 500 MHz
            MAX_CLK: 2200 MHz
            CLK_LOCKED: DISABLED
            DEEP_SLEEP: ENABLED
        GFX_2:
            CLK: 95 MHz
            MIN_CLK: 500 MHz
            MAX_CLK: 2200 MHz
            CLK_LOCKED: DISABLED
            DEEP_SLEEP: ENABLED
        GFX_3:
            CLK: 96 MHz
            MIN_CLK: 500 MHz
            MAX_CLK: 2200 MHz
            CLK_LOCKED: DISABLED
            DEEP_SLEEP: ENABLED
        GFX_4:
            CLK: 94 MHz
            MIN_CLK: 500 MHz
            MAX_CLK: 2200 MHz
            CLK_LOCKED: DISABLED
            DEEP_SLEEP: ENABLED
        GFX_5:
            CLK: 94 MHz
            MIN_CLK: 500 MHz
            MAX_CLK: 2200 MHz
            CLK_LOCKED: DISABLED
            DEEP_SLEEP: ENABLED
        GFX_6:
            CLK: 94 MHz
            MIN_CLK: 500 MHz

=== rocm version ===
7.2.0

=== amdgpu driver ===
7.1.1.31500000

=== topology ===


============================ ROCm System Management Interface ============================
================================ Weight between two GPUs =================================
       GPU0         GPU1         GPU2         GPU3         GPU4         GPU5         GPU6         GPU7         
GPU0   0            15           15           15           15           15           15           15           
GPU1   15           0            15           15           15           15           15           15           
GPU2   15           15           0            15           15           15           15           15           
GPU3   15           15           15           0            15           15           15           15           
GPU4   15           15           15           15           0            15           15           15           
GPU5   15           15           15           15           15           0            15           15           
GPU6   15           15           15           15           15           15           0            15           
GPU7   15           15           15           15           15           15           15           0            

================================= Hops between two GPUs ==================================
       GPU0         GPU1         GPU2         GPU3         GPU4         GPU5         GPU6         GPU7         
GPU0   0            1            1            1            1            1            1            1            
GPU1   1            0            1            1            1            1            1            1            
GPU2   1            1            0            1            1            1            1            1            
GPU3   1            1            1            0            1            1            1            1            
GPU4   1            1            1            1            0            1            1            1            
GPU5   1            1            1            1            1            0            1            1            
GPU6   1            1            1            1            1            1            0            1            
GPU7   1            1            1            1            1            1            1            0            

=============================== Link Type between two GPUs ===============================
       GPU0         GPU1         GPU2         GPU3         GPU4         GPU5         GPU6         GPU7         
GPU0   0            XGMI         XGMI         XGMI         XGMI         XGMI         XGMI         XGMI         
GPU1   XGMI         0            XGMI         XGMI         XGMI         XGMI         XGMI         XGMI         
GPU2   XGMI         XGMI         0            XGMI         XGMI         XGMI         XGMI         XGMI         
GPU3   XGMI         XGMI         XGMI         0            XGMI         XGMI         XGMI         XGMI         
GPU4   XGMI         XGMI         XGMI         XGMI         0            XGMI         XGMI         XGMI         
GPU5   XGMI         XGMI         XGMI         XGMI         XGMI         0            XGMI         XGMI         
GPU6   XGMI         XGMI         XGMI         XGMI         XGMI         XGMI         0            XGMI         
GPU7   XGMI         XGMI         XGMI         XGMI         XGMI         XGMI         XGMI         0            

======================================= Numa Nodes =======================================
GPU[0]		: (Topology) Numa Node: 0
GPU[0]		: (Topology) Numa Affinity: 0
GPU[1]		: (Topology) Numa Node: 0
GPU[1]		: (Topology) Numa Affinity: 0
GPU[2]		: (Topology) Numa Node: 0
GPU[2]		: (Topology) Numa Affinity: 0
GPU[3]		: (Topology) Numa Node: 0
GPU[3]		: (Topology) Numa Affinity: 0
GPU[4]		: (Topology) Numa Node: 1
GPU[4]		: (Topology) Numa Affinity: 1
GPU[5]		: (Topology) Numa Node: 1
GPU[5]		: (Topology) Numa Affinity: 1
GPU[6]		: (Topology) Numa Node: 1
GPU[6]		: (Topology) Numa Affinity: 1
GPU[7]		: (Topology) Numa Node: 1
GPU[7]		: (Topology) Numa Affinity: 1
================================== End of ROCm SMI Log ===================================
numactl absent

=== torch ===
torch       2.9.1+rocm7.2.0.git7e1940d4
hip         7.2.26015-fc0010cf6a
cuda        None
available   True
devices     8
  [0] AMD Instinct MI350X  arch=gfx950:sramecc+:xnack-  mem=252GiB  CUs=256
  [1] AMD Instinct MI350X  arch=gfx950:sramecc+:xnack-  mem=252GiB  CUs=256
  [2] AMD Instinct MI350X  arch=gfx950:sramecc+:xnack-  mem=252GiB  CUs=256
  [3] AMD Instinct MI350X  arch=gfx950:sramecc+:xnack-  mem=252GiB  CUs=256
  [4] AMD Instinct MI350X  arch=gfx950:sramecc+:xnack-  mem=252GiB  CUs=256
  [5] AMD Instinct MI350X  arch=gfx950:sramecc+:xnack-  mem=252GiB  CUs=256
  [6] AMD Instinct MI350X  arch=gfx950:sramecc+:xnack-  mem=252GiB  CUs=256
  [7] AMD Instinct MI350X  arch=gfx950:sramecc+:xnack-  mem=252GiB  CUs=256

=== repo self-test (no GPU required) ===
  /work/tests/sol_execbench/test_e2e.py:308: PytestUnknownMarkWarning: Unknown pytest.mark.xdist_group - is this a typo?  You can register custom marks to avoid this warning - for details, see https://docs.pytest.org/en/stable/how-to/mark.html
    @pytest.mark.xdist_group("serial")

-- Docs: https://docs.pytest.org/en/stable/how-to/capture-warnings.html
473 passed, 75 skipped, 10 warnings in 60.75s (0:01:00)

=== dataset ===
problems found: 235
  L1                 94
  L2                 82
  Quant              33
  FlashInfer-Bench   26
expected: L1=94 L2=82 Quant=33 FlashInfer-Bench=26

=== building node-report.json ===
wrote /work/artifacts/00/node-report.json

Next: python scripts/verify_artifacts.py --task 00
